// Jest Snapshot v1, https://goo.gl/fbAQLP

exports[`Prueba de componente GifItem debe hacer match con el snapshot 1`] = `
<div>
  <div
    class="card"
  >
    <p>
      Prueba 999
    </p>
    <img
      alt="Prueba 999"
      src="https://miurl/gitf.jpgu"
    />
  </div>
</div>
`;
